Turbo Assembler	 Version 4.1	    30/05/11 11:53:52	    Page 1
prg01_01.asm



      1				     ;---------Prg01_01.asm--------------------------------------------------------------------------
      2				     --
      3				     ; Пример выделения	значений
      4				     ; Исходная	строка:	0abcdh
      5				     ; Результат      :	0bdh
      6				     ;-----------------------------------------------------------------------------------------------
      7				     ------
      8				     masm
      9	0000			     model small
     10	0000			     .data
     11	0000  ABCD		     var1    dw	     0abcdh
     12	0002  ??		     var2    db
*Warning* prg01_01.asm(10) Missing operand - trailing ?	assumed
     13
     14	0003			     .code
     15	0000			     start:
     16	0000  B8 0000s			     mov     ax,@data
     17	0003  8E D8			     mov     ds,ax
     18				     ;----------------------------	     ; bh  bl
     19				     ; Вставка
     20	0005  8B 1E 0000r		     mov     bx,var1		     ; ab  cd
     21	0009  D0 E7 D0 E7 D0 E7	D0+	     shl     bh,4		     ; b0  cd
     22	      E7
     23	0011  80 E3 0F			     and     bl,0fh		     ; b0  0d
     24	0014  0A FB			     or	     bh,bl		     ; bd  0d
     25	0016  88 3E 0002r		     mov     var2,bh		     ; bd
     26
     27				     ;----------------------------
     28	001A  B8 4C00			     mov     ax,4c00h
     29	001D  CD 21			     int     21h
     30				     end     start
Turbo Assembler	 Version 4.1	    30/05/11 11:53:52	    Page 2
Symbol Table




Symbol Name			  Type	 Value

??DATE				  Text	 "30/05/11"
??FILENAME			  Text	 "prg01_01"
??TIME				  Text	 "11:53:52"
??VERSION			  Number 040A
@32BIT				  Text	 0
@CODE				  Text	 _TEXT
@CODESIZE			  Text	 0
@CPU				  Text	 0101H
@CURSEG				  Text	 _TEXT
@DATA				  Text	 DGROUP
@DATASIZE			  Text	 0
@FILENAME			  Text	 PRG01_01
@INTERFACE			  Text	 000H
@MODEL				  Text	 2
@STACK				  Text	 DGROUP
@WORDSIZE			  Text	 2
START				  Near	 _TEXT:0000
VAR1				  Word	 DGROUP:0000
VAR2				  Byte	 DGROUP:0002

Groups & Segments		  Bit Size Align  Combine Class

DGROUP				  Group
  _DATA				  16  0003 Word	  Public  DATA
_TEXT				  16  001F Word	  Public  CODE
Turbo Assembler	 Version 4.1	    30/05/11 11:53:52	    Page 3
Error Summary



*Warning* prg01_01.asm(10) Missing operand - trailing ?	assumed
