Turbo Assembler	 Version 4.1	    30/06/11 12:38:55	    Page 1
prg01_01.asm



      1				     ;---------Prg01_01.asm--------------------------------------------------------------------------
      2				     --
      3				     ; Пример выделения	значений
      4				     ; Исходная	строка:	0abcdh
      5				     ; Результат      :	0bdh
      6				     ;-----------------------------------------------------------------------------------------------
      7				     ------
      8				     masm
      9	0000			     model small
     10				     extrn   creg:far
     11	0000			     .data
     12	0000  78 79		     var1    db	     'xy'
     13	0002  30 30		     var2    db	     '00'
     14	0004  04*(00) 0D 0A 24	     asci    db	     4 dup(0),13,10,'$'
     15
     16	000B			     .code
     17	0000			     start:
     18	0000  B8 0000s			     mov     ax,@data
     19	0003  8E D8			     mov     ds,ax
     20				     ;----------------------------
     21	0005  8A 1E 0000r		     mov     bl,byte ptr var1+0	     ; bh  bl
     22
     23				     ; Вставка
     24	0009  8A 3E 0002r		     mov     bh,byte ptr var1+2			     ; ab  cd
     25
     26	000D  8B C3			     mov     ax,bx		     ; исходные	данные
     27	000F  BE 0004r			     lea     si,asci		     ; адрес результата
     28	0012  9A 00000000se		     call    creg
     29
     30	0017  B4 09			     mov     ah,09h		     ; вывод результата
     31	0019  BA 0004r			     lea     dx,asci
     32	001C  CD 21			     int     21h
     33
     34	001E  D0 E3 D0 E3 D0 E3	D0+	     shl     bl,4		     ; b0  cd
     35	      E3
     36	0026  80 E7 0F			     and     bh,0fh		     ; b0  0d
     37	0029  0A DC			     or	     bl,ah		     ; bd  0d
     38	002B  88 1E 0002r		     mov     var2,bl		     ; bd
     39
     40	002F  8B C3			     mov     ax,bx		     ; исходные	данные
     41	0031  BE 0004r			     lea     si,asci		     ; адрес результата
     42	0034  9A 00000000se		     call    creg
     43
     44	0039  B4 09			     mov     ah,09h		     ; вывод результата
     45	003B  BA 0004r			     lea     dx,asci
     46	003E  CD 21			     int     21h
     47
     48
     49				     ;----------------------------
     50	0040  B8 4C00			     mov     ax,4c00h
     51	0043  CD 21			     int     21h
     52				     end     start
Turbo Assembler	 Version 4.1	    30/06/11 12:38:55	    Page 2
Symbol Table




Symbol Name			  Type	 Value

??DATE				  Text	 "30/06/11"
??FILENAME			  Text	 "prg01_01"
??TIME				  Text	 "12:38:55"
??VERSION			  Number 040A
@32BIT				  Text	 0
@CODE				  Text	 _TEXT
@CODESIZE			  Text	 0
@CPU				  Text	 0101H
@CURSEG				  Text	 _TEXT
@DATA				  Text	 DGROUP
@DATASIZE			  Text	 0
@FILENAME			  Text	 PRG01_01
@INTERFACE			  Text	 000H
@MODEL				  Text	 2
@STACK				  Text	 DGROUP
@WORDSIZE			  Text	 2
ASCI				  Byte	 DGROUP:0004
CREG				  Far	 ----:---- Extern
START				  Near	 _TEXT:0000
VAR1				  Byte	 DGROUP:0000
VAR2				  Byte	 DGROUP:0002

Groups & Segments		  Bit Size Align  Combine Class

DGROUP				  Group
  _DATA				  16  000B Word	  Public  DATA
_TEXT				  16  0045 Word	  Public  CODE
