Publics by module

commdlg 	size = 0
	CHOOSECOLOR                       CHOOSEFONT
	COLORDLGPROC                      COMMDLGEXTENDEDERROR
	DWLBSUBCLASS                      DWOKSUBCLASS
	DWUPARROWHACK                     EDITINTEGERONLY
	FILEOPENDLGPROC                   FILESAVEDLGPROC
	FINDTEXT                          FINDTEXTDLGPROC
	FONTFAMILYENUMPROC                FONTSTYLEENUMPROC
	FORMATCHARDLGPROC                 GETFILETITLE
	GETOPENFILENAME                   GETSAVEFILENAME
	LOADALTERBITMAP                   PRINTDLG
	PRINTDLGPROC                      PRINTSETUPDLGPROC
	REPLACETEXT                       REPLACETEXTDLGPROC
	WANTARROWS                      

ddeml   	size = 0
	CLIENTWNDPROC                     CONVLISTWNDPROC
	DDEABANDONTRANSACTION             DDEACCESSDATA
	DDEADDDATA                        DDECLIENTTRANSACTION
	DDECMPSTRINGHANDLES               DDECONNECT
	DDECONNECTLIST                    DDECREATEDATAHANDLE
	DDECREATESTRINGHANDLE             DDEDISCONNECT
	DDEDISCONNECTLIST                 DDEENABLECALLBACK
	DDEFREEDATAHANDLE                 DDEFREESTRINGHANDLE
	DDEGETDATA                        DDEGETLASTERROR
	DDEINITIALIZE                     DDEKEEPSTRINGHANDLE
	DDENAMESERVICE                    DDEPOSTADVISE
	DDEPOSTHOOKPROC                   DDEQUERYCONVINFO
	DDEQUERYNEXTSERVER                DDEQUERYSTRING
	DDERECONNECT                      DDESENDHOOKPROC
	DDESETUSERHANDLE                  DDEUNACCESSDATA
	DDEUNINITIALIZE                   DMGWNDPROC
	INITENUM                          MONITORWNDPROC
	SERVERWNDPROC                     SUBFRAMEWNDPROC

gdi     	size = 0
	ABORTDOC                          ADDFONTRESOURCE
	ANIMATEPALETTE                    ARC
	BITBLT                            BRUTE
	CHORD                             CLOSEJOB
	CLOSEMETAFILE                     COMBINERGN
	CONVERTOUTLINEFONTFILE            COPY
	COPYMETAFILE                      CREATEBITMAP
	CREATEBITMAPINDIRECT              CREATEBRUSHINDIRECT
	CREATECOMPATIBLEBITMAP            CREATECOMPATIBLEDC
	CREATEDC                          CREATEDIBITMAP
	CREATEDIBPATTERNBRUSH             CREATEDISCARDABLEBITMAP
	CREATEELLIPTICRGN                 CREATEELLIPTICRGNINDIRECT
	CREATEFONT                        CREATEFONTINDIRECT
	CREATEHATCHBRUSH                  CREATEIC
	CREATEMETAFILE                    CREATEPALETTE
	CREATEPATTERNBRUSH                CREATEPEN
	CREATEPENINDIRECT                 CREATEPOLYGONRGN
	CREATEPOLYPOLYGONRGN              CREATEPQ
	CREATERECTRGN                     CREATERECTRGNINDIRECT
	CREATEROUNDRECTRGN                CREATESCALABLEFONTRESOURCE
	CREATESOLIDBRUSH                  CREATEUSERBITMAP
	CREATEUSERDISCARDABLEBITMAP       DEATH
	DELETEDC                          DELETEJOB
	DELETEMETAFILE                    DELETEOBJECT
	DELETEPQ                          DELETESPOOLPAGE
	DEVICECOLORMATCH                  DMBITBLT
	DMCOLORINFO                       DMDIBBITS
	DMENUMDFONTS                      DMENUMOBJ
	DMEXTTEXTOUT                      DMGETCHARWIDTH
	DMOUTPUT                          DMPIXEL
	DMREALIZEOBJECT                   DMSCANLR
	DMSETDIBTODEV                     DMSTRBLT
	DMSTRETCHBLT                      DMSTRETCHDIBITS
	DMTRANSPOSE                       DPTOLP
	ELLIPSE                           ENDDOC
	ENDPAGE                           ENDSPOOLPAGE
	ENGINEDELETEFONT                  ENGINEENUMERATEFONT
	ENGINEEXTTEXTOUT                  ENGINEGETCHARWIDTH
	ENGINEGETGLYPHBMP                 ENGINEMAKEFONTDIR
	ENGINEREALIZEFONT                 ENGINESETFONTCONTEXT
	ENUMFONTFAMILIES                  ENUMFONTS
	ENUMMETAFILE                      ENUMOBJECTS
	EQUALRGN                          ESCAPE
	EXCLUDECLIPRECT                   EXCLUDEVISRECT
	EXTFLOODFILL                      EXTRACTPQ
	EXTTEXTOUT                        FASTWINDOWFRAME
	FILLRGN                           FINALGDIINIT
	FIXUPBOGUSPUBLISHERMETAFILE       FLOODFILL
	FRAMERGN                          FTRAPPING0
	GDIINIT2                          GDIMOVEBITMAP
	GDIREALIZEPALETTE                 GDISEEGDIDO
	GDISELECTPALETTE                  GDITASKTERMINATION
	GETASPECTRATIOFILTER              GETASPECTRATIOFILTEREX
	GETBITMAPBITS                     GETBITMAPDIMENSION
	GETBITMAPDIMENSIONEX              GETBKCOLOR
	GETBKMODE                         GETBOUNDSRECT
	GETBRUSHORG                       GETBRUSHORGEX
	GETCHARABCWIDTHS                  GETCHARWIDTH
	GETCLIPBOX                        GETCLIPRGN
	GETCURLOGFONT                     GETCURRENTPOSITION
	GETCURRENTPOSITIONEX              GETDCHOOK
	GETDCORG                          GETDCSTATE
	GETDEVICECAPS                     GETDIBITS
	GETENVIRONMENT                    GETFONTDATA
	GETGLYPHOUTLINE                   GETKERNINGPAIRS
	GETMAPMODE                        GETMETAFILE
	GETMETAFILEBITS                   GETNEARESTCOLOR
	GETNEARESTPALETTEINDEX            GETOBJECT
	GETOUTLINETEXTMETRICS             GETPALETTEENTRIES
	GETPHYSICALFONTHANDLE             GETPIXEL
	GETPOLYFILLMODE                   GETRASTERIZERCAPS
	GETRELABS                         GETRGNBOX
	GETROP2                           GETSPOOLJOB
	GETSTOCKOBJECT                    GETSTRETCHBLTMODE
	GETSYSTEMPALETTEENTRIES           GETSYSTEMPALETTEUSE
	GETTEXTALIGN                      GETTEXTCHARACTEREXTRA
	GETTEXTCOLOR                      GETTEXTEXTENT
	GETTEXTEXTENTPOINT                GETTEXTFACE
	GETTEXTMETRICS                    GETVIEWPORTEXT
	GETVIEWPORTEXTEX                  GETVIEWPORTORG
	GETVIEWPORTORGEX                  GETWINDOWEXT
	GETWINDOWEXTEX                    GETWINDOWORG
	GETWINDOWORGEX                    INQUIREVISRGN
	INSERTPQ                          INTERSECTCLIPRECT
	INTERSECTVISRECT                  INVERTRGN
	ISDCCURRENTPALETTE                ISDCDIRTY
	ISGDIOBJECT                       ISVALIDMETAFILE
	LINEDDA                           LINETO
	LPTODP                            MAKEOBJECTPRIVATE
	MINPQ                             MOVETO
	MOVETOEX                          MULDIV
	OFFSETCLIPRGN                     OFFSETRGN
	OFFSETVIEWPORTORG                 OFFSETVIEWPORTORGEX
	OFFSETVISRGN                      OFFSETWINDOWORG
	OFFSETWINDOWORGEX                 OPENJOB
	PAINTRGN                          PATBLT
	PIE                               PLAYMETAFILE
	PLAYMETAFILERECORD                POLYGON
	POLYLINE                          POLYPOLYGON
	PTINREGION                        PTVISIBLE
	QUERYABORT                        QUERYJOB
	REALIZEDEFAULTPALETTE             RECTANGLE
	RECTINREGION                      RECTINREGION_EHH
	RECTVISIBLE                       RECTVISIBLE_EHH
	REMOVEFONTRESOURCE                RESETDC
	RESIZEPALETTE                     RESTOREDC
	RESTOREVISRGN                     RESURRECTION
	ROUNDRECT                         SAVEDC
	SAVEVISRGN                        SCALEVIEWPORTEXT
	SCALEVIEWPORTEXTEX                SCALEWINDOWEXT
	SCALEWINDOWEXTEX                  SCANLR
	SELECTBITMAP                      SELECTCLIPRGN
	SELECTOBJECT                      SELECTVISRGN
	SETABORTPROC                      SETBITMAPBITS
	SETBITMAPDIMENSION                SETBITMAPDIMENSIONEX
	SETBKCOLOR                        SETBKMODE
	SETBOUNDSRECT                     SETBRUSHORG
	SETDCHOOK                         SETDCORG
	SETDCSTATE                        SETDCSTATUS
	SETDIBITS                         SETDIBITSTODEVICE
	SETENVIRONMENT                    SETHOOKFLAGS
	SETMAPMODE                        SETMAPPERFLAGS
	SETMETAFILEBITS                   SETMETAFILEBITSBETTER
	SETOBJECTOWNER                    SETPALETTEENTRIES
	SETPIXEL                          SETPOLYFILLMODE
	SETRECTRGN                        SETRELABS
	SETROP2                           SETSTRETCHBLTMODE
	SETSYSTEMPALETTEUSE               SETTEXTALIGN
	SETTEXTCHARACTEREXTRA             SETTEXTCOLOR
	SETTEXTJUSTIFICATION              SETVIEWPORTEXT
	SETVIEWPORTEXTEX                  SETVIEWPORTORG
	SETVIEWPORTORGEX                  SETWINDOWEXT
	SETWINDOWEXTEX                    SETWINDOWORG
	SETWINDOWORGEX                    SHRINKGDIHEAP
	SIZEPQ                            SPOOLFILE
	STARTDOC                          STARTPAGE
	STARTSPOOLPAGE                    STRETCHBLT
	STRETCHDIBITS                     TEXTOUT
	UNICODETOANSI                     UNREALIZEOBJECT
	UPDATECOLORS                      WRITEDIALOG
	WRITESPOOL                      

guid    	size = 1040
	_CLSID_CColorPropPage             _CLSID_CFontPropPage
	_CLSID_CPicturePropPage           _CLSID_ConvertVBX
	_CLSID_PersistPropset             _CLSID_ShellDesktop
	_CLSID_ShellLink                  _CLSID_StdFont
	_CLSID_StdPicture                 _GUID_CHECKVALUEEXCLUSIVE
	_GUID_COLOR                       _GUID_FONTBOLD
	_GUID_FONTITALIC                  _GUID_FONTNAME
	_GUID_FONTSIZE                    _GUID_FONTSTRIKETHROUGH
	_GUID_FONTUNDERSCORE              _GUID_HANDLE
	_GUID_HIMETRIC                    _GUID_OPTIONVALUEEXCLUSIVE
	_GUID_TRISTATE                    _GUID_XPOS
	_GUID_XPOSPIXEL                   _GUID_XSIZE
	_GUID_XSIZEPIXEL                  _GUID_YPOS
	_GUID_YPOSPIXEL                   _GUID_YSIZE
	_GUID_YSIZEPIXEL                  _IID_IClassFactory2
	_IID_IConnectionPoint             _IID_IConnectionPointContainer
	_IID_IContextMenu                 _IID_IEnumConnectionPoints
	_IID_IEnumConnections             _IID_IEnumIDList
	_IID_IErrorLog                    _IID_IExtractIcon
	_IID_IFileViewer                  _IID_IFileViewerSite
	_IID_IFont                        _IID_IFontDisp
	_IID_IOleControl                  _IID_IOleControlSite
	_IID_IPerPropertyBrowsing         _IID_IPersistMemory
	_IID_IPersistPropertyBag          _IID_IPersistStreamInit
	_IID_IPicture                     _IID_IPictureDisp
	_IID_IPropertyBag                 _IID_IPropertyFrame
	_IID_IPropertyNotifySink          _IID_IPropertyPage
	_IID_IPropertyPage2               _IID_IPropertyPageSite
	_IID_IProvideClassInfo            _IID_IProvideClassInfo2
	_IID_IShellCopyHook               _IID_IShellExtInit
	_IID_IShellFolder                 _IID_IShellLink
	_IID_IShellPropSheetExt           _IID_ISimpleFrameSite
	_IID_ISpecifyPropertyPages      

kernel  	size = 0
	A20PROC                           ACCESSRESOURCE
	ADDATOM                           ALLOCALIAS
	ALLOCCSTODSALIAS                  ALLOCDSTOCSALIAS
	ALLOCRESOURCE                     ALLOCSELECTOR
	ALLOCSELECTORARRAY                BUNNY_351
	CALLPROC32W                       CALLPROCINSTANCE
	CATCH                             CREATEDIRECTORY
	CVWBREAK                          DEBUGBREAK
	DEBUGDEFINESEGMENT                DEFINEHANDLETABLE
	DELETEATOM                        DELETEFILE
	DELETEPATHNAME                    DIAGOUTPUT
	DIAGQUERY                         DIRECTEDYIELD
	DIRECTRESALLOC                    DISABLEDOS
	DISABLEKERNEL                     DOS3CALL
	DOSIGNAL                          EMSCOPY
	ENABLEDOS                         ENABLEKERNEL
	EXITKERNEL                        EXITWINDOWSEXECCONTINUE
	FATALAPPEXIT                      FATALEXIT
	FATALEXITHOOK                     FILECDR
	FILETIMETOLOCALFILETIME           FINDATOM
	FINDCLOSE                         FINDFIRSTFILE
	FINDNEXTFILE                      FINDRESOURCE
	FLUSHCACHEDFILEHANDLE             FREELIBRARY
	FREELIBRARY32W                    FREEMODULE
	FREEPROCINSTANCE                  FREERESOURCE
	FREESELECTOR                      GETAPPCOMPATFLAGS
	GETATOMHANDLE                     GETATOMNAME
	GETCODEHANDLE                     GETCODEINFO
	GETCURPID                         GETCURRENTDIRECTORY
	GETCURRENTPDB                     GETCURRENTTASK
	GETDISKFREESPACE                  GETDOSENVIRONMENT
	GETDRIVETYPE                      GETEXEPTR
	GETEXEVERSION                     GETEXPWINVER
	GETFILEATTRIBUTES                 GETFREEMEMINFO
	GETFREESPACE                      GETHEAPSPACES
	GETINSTANCEDATA                   GETLASTDISKCHANGE
	GETLASTERROR                      GETLPERRMODE
	GETMODULEFILENAME                 GETMODULEHANDLE
	GETMODULENAME                     GETMODULEUSAGE
	GETNUMTASKS                       GETPRIVATEPROFILEINT
	GETPRIVATEPROFILESECTION          GETPRIVATEPROFILESECTIONNAMES
	GETPRIVATEPROFILESTRING           GETPRIVATEPROFILESTRUCT
	GETPROCADDRESS                    GETPROCADDRESS32W
	GETPRODUCTNAME                    GETPROFILEINT
	GETPROFILESECTION                 GETPROFILESECTIONNAMES
	GETPROFILESTRING                  GETSELECTORBASE
	GETSELECTORLIMIT                  GETSETKERNELDOSPROC
	GETSYSTEMDIRECTORY                GETTASKDS
	GETTASKQUEUE                      GETTASKQUEUEDS
	GETTASKQUEUEES                    GETTEMPDRIVE
	GETTEMPFILENAME                   GETVDMPOINTER32W
	GETVERSION                        GETVERSIONEX
	GETWINDEBUGINFO                   GETWINDOWSDIRECTORY
	GETWINFLAGS                       GETWINOLDAPHOOKS
	GLOBALALLOC                       GLOBALCOMPACT
	GLOBALDOSALLOC                    GLOBALDOSFREE
	GLOBALFIX                         GLOBALFLAGS
	GLOBALFREE                        GLOBALFREEALL
	GLOBALHANDLE                      GLOBALHANDLENORIP
	GLOBALLOCK                        GLOBALLRUNEWEST
	GLOBALLRUOLDEST                   GLOBALMASTERHANDLE
	GLOBALNOTIFY                      GLOBALPAGELOCK
	GLOBALPAGEUNLOCK                  GLOBALREALLOC
	GLOBALSIZE                        GLOBALSMARTPAGELOCK
	GLOBALSMARTPAGEUNLOCK             GLOBALUNFIX
	GLOBALUNLOCK                      GLOBALUNWIRE
	GLOBALWIRE                        HASGPHANDLER
	HMEMCPY                           INITATOMTABLE
	INITLIB                           INITTASK
	INITTASK1                         INVALIDATENLSCACHE
	ISBADCODEPTR                      ISBADFLATREADWRITEPTR
	ISBADHUGEREADPTR                  ISBADHUGEWRITEPTR
	ISBADREADPTR                      ISBADSTRINGPTR
	ISBADWRITEPTR                     ISDBCSLEADBYTE
	ISROMFILE                         ISROMMODULE
	ISSHAREDSELECTOR                  ISTASK
	ISTASKLOCKED                      ISWINOLDAPTASK
	K208                              K209
	K210                              K211
	K213                              K214
	K215                              K228
	K229                              K237
	K327                              K329
	K403                              K404
	KBDRST                            KDDBGOUT
	LIMITEMSPAGES                     LOADLIBRARY
	LOADLIBRARYEX32W                  LOADMODULE
	LOADRESOURCE                      LOCALALLOC
	LOCALCOMPACT                      LOCALCOUNTFREE
	LOCALFLAGS                        LOCALFREE
	LOCALHANDLE                       LOCALHANDLEDELTA
	LOCALHEAPSIZE                     LOCALINIT
	LOCALLOCK                         LOCALNOTIFY
	LOCALREALLOC                      LOCALSHRINK
	LOCALSIZE                         LOCALUNLOCK
	LOCKCURRENTTASK                   LOCKRESOURCE
	LOCKSEGMENT                       LOGERROR
	LOGPARAMERROR                     LONGPTRADD
	LSTRCAT                           LSTRCATN
	LSTRCPY                           LSTRCPYN
	LSTRLEN                           MAKEPROCINSTANCE
	MEMORYFREED                       NETBIOSCALL
	NOHOOKDOSCALL                     OLDYIELD
	OPENFILE                          OPENFILEEX
	OPENPATHNAME                      OUTPUTDEBUGSTRING
	PATCHCODEHANDLE                   PIGLET_361
	POSTEVENT                         PRESTOCHANGOSELECTOR
	REGDELETEVALUE                    REGENUMVALUE
	REGFLUSHKEY                       REGISTERPTRACE
	REGISTERSERVICEPROCESS            REGISTERWINOLDAPHOOK
	REGLOADKEY                        REGQUERYVALUEEX
	REGSAVEKEY                        REGSETVALUEEX
	REGUNLOADKEY                      REMOVEDIRECTORY
	REPLACEINST                       RESERVED1
	RESERVED2                         RESERVED3
	RESERVED4                         RESERVED5
	SELECTORACCESSRIGHTS              SETCURRENTDIRECTORY
	SETERRORMODE                      SETFILEATTRIBUTES
	SETHANDLECOUNT                    SETLASTERROR
	SETPRIORITY                       SETRESOURCEHANDLER
	SETSELECTORBASE                   SETSELECTORLIMIT
	SETSIGHANDLER                     SETSWAPAREASIZE
	SETTASKQUEUE                      SETTASKSIGNALPROC
	SETWINDEBUGINFO                   SIZEOFRESOURCE
	SWAPRECORDING                     SWITCHSTACKBACK
	SWITCHSTACKTO                     THHOOK
	THROW                             TOOLHELPHOOK
	UNDEFDYNLINK                      UNLOCKSEGMENT
	VALIDATECODESEGMENTS              VALIDATEFREESPACES
	WAITEVENT                         WINEXEC
	WINOLDAPCALL                      WOW16CALL
	WOWCLOSECOMPORT                   WOWCURSORICONOP
	WOWFAILEDEXEC                     WOWGETNEXTVDMCOMMAND
	WOWKILLREMOTETASK                 WOWLOADMODULE
	WOWMSGBOX                         WOWQUERYDEBUG
	WOWQUERYPERFORMANCECOUNTER        WOWREGISTERSHELLWINDOWHANDLE
	WOWSETEXITONLASTAPP               WOWWAITFORMSGANDEVENT
	WRITEOUTPROFILES                  WRITEPRIVATEPROFILESECTION
	WRITEPRIVATEPROFILESTRING         WRITEPRIVATEPROFILESTRUCT
	WRITEPROFILESECTION               WRITEPROFILESTRING
	YIELD                             _CALLPROCEX32W
	_DEBUGOUTPUT                      _HREAD
	_HWRITE                           _LCLOSE
	_LCREAT                           _LLSEEK
	_LOPEN                            _LREAD
	_LWRITE                           __0000H
	__0040H                           __A000H
	__AHINCR                          __AHSHIFT
	__B000H                           __B800H
	__C000H                           __D000H
	__E000H                           __F000H
	__GP                              __MOD_COMMDLG
	__MOD_DGDI                        __MOD_DKERNEL
	__MOD_DUSER                       __MOD_GDI
	__MOD_KERNEL                      __MOD_KEYBOARD
	__MOD_MMEDIA                      __MOD_SHELL
	__MOD_SOUND                       __MOD_TOOLHELP
	__MOD_USER                        __MOD_WINSOCK
	__ROMBIOS                         __WINFLAGS

keyboard	size = 0
	ANSITOOEM                         ANSITOOEMBUFF
	DISABLE                           ENABLE
	ENABLEKBSYSREQ                    GETBIOSKEYPROC
	GETKBCODEPAGE                     GETKEYBOARDTYPE
	GETKEYNAMETEXT                    GETTABLESEG
	INQUIRE                           MAPVIRTUALKEY
	NEWTABLE                          OEMKEYSCAN
	OEMTOANSI                         OEMTOANSIBUFF
	SCREENSWITCHENABLE                SETSPEED
	TOASCII                           VKKEYSCAN

lzexpand	size = 0
	COPYLZFILE                        GETEXPANDEDNAME
	LZCLOSE                           LZCOPY
	LZDONE                            LZINIT
	LZOPENFILE                        LZREAD
	LZSEEK                            LZSTART
	___EXPORTEDSTUB                 

mmsystem	size = 0
	AUXGETDEVCAPS                     AUXGETNUMDEVS
	AUXGETVOLUME                      AUXOUTMESSAGE
	AUXSETVOLUME                      DLLENTRYPOINT
	DRIVERCALLBACK                    DRIVERPROC
	DRVCLOSE                          DRVDEFDRIVERPROC
	DRVGETMODULEHANDLE                DRVOPEN
	DRVSENDMESSAGE                    JOYCONFIGCHANGED
	JOYGETDEVCAPS                     JOYGETNUMDEVS
	JOYGETPOS                         JOYGETPOSEX
	JOYGETTHRESHOLD                   JOYRELEASECAPTURE
	JOYSETCALIBRATION                 JOYSETCAPTURE
	JOYSETTHRESHOLD                   MCIDRIVERNOTIFY
	MCIDRIVERYIELD                    MCIEXECUTE
	MCIFREECOMMANDRESOURCE            MCIGETCREATORTASK
	MCIGETDEVICEID                    MCIGETDEVICEIDFROMELEMENTID
	MCIGETDRIVERDATA                  MCIGETERRORSTRING
	MCIGETTHUNKTABLE                  MCIGETYIELDPROC
	MCILOADCOMMANDRESOURCE            MCIPARSECOMMAND
	MCISENDCOMMAND                    MCISENDSTRING
	MCISETDRIVERDATA                  MCISETYIELDPROC
	MIDIINADDBUFFER                   MIDIINCLOSE
	MIDIINGETDEVCAPS                  MIDIINGETERRORTEXT
	MIDIINGETID                       MIDIINGETNUMDEVS
	MIDIINMESSAGE                     MIDIINOPEN
	MIDIINPREPAREHEADER               MIDIINRESET
	MIDIINSTART                       MIDIINSTOP
	MIDIINUNPREPAREHEADER             MIDIOUTCACHEDRUMPATCHES
	MIDIOUTCACHEPATCHES               MIDIOUTCLOSE
	MIDIOUTGETDEVCAPS                 MIDIOUTGETERRORTEXT
	MIDIOUTGETID                      MIDIOUTGETNUMDEVS
	MIDIOUTGETVOLUME                  MIDIOUTLONGMSG
	MIDIOUTMESSAGE                    MIDIOUTOPEN
	MIDIOUTPREPAREHEADER              MIDIOUTRESET
	MIDIOUTSETVOLUME                  MIDIOUTSHORTMSG
	MIDIOUTUNPREPAREHEADER            MIDISTREAMCLOSE
	MIDISTREAMOPEN                    MIDISTREAMOUT
	MIDISTREAMPAUSE                   MIDISTREAMPOSITION
	MIDISTREAMPROPERTY                MIDISTREAMRESTART
	MIDISTREAMSTOP                    MIXERCLOSE
	MIXERGETCONTROLDETAILS            MIXERGETDEVCAPS
	MIXERGETID                        MIXERGETLINECONTROLS
	MIXERGETLINEINFO                  MIXERGETNUMDEVS
	MIXERMESSAGE                      MIXEROPEN
	MIXERSETCONTROLDETAILS            MMDRVINSTALL
	MMGETCURRENTTASK                  MMIOADVANCE
	MMIOASCEND                        MMIOCLOSE
	MMIOCREATECHUNK                   MMIODESCEND
	MMIOFLUSH                         MMIOGETINFO
	MMIOINSTALLIOPROC                 MMIOOPEN
	MMIOREAD                          MMIORENAME
	MMIOSEEK                          MMIOSENDMESSAGE
	MMIOSETBUFFER                     MMIOSETINFO
	MMIOSTRINGTOFOURCC                MMIOWRITE
	MMSHOWMMCPLPROPERTYSHEET          MMSYSTEMGETVERSION
	MMTASKBLOCK                       MMTASKCREATE
	MMTASKSIGNAL                      MMTASKYIELD
	MMTHREADBLOCK                     MMTHREADCREATE
	MMTHREADGETTASK                   MMTHREADISCURRENT
	MMTHREADISVALID                   MMTHREADSIGNAL
	OUTPUTDEBUGSTR                    PLAYSOUND
	RING3_DEVLOADER                   SNDPLAYSOUND
	STACKENTER                        STACKLEAVE
	TIMEBEGINPERIOD                   TIMEENDPERIOD
	TIMEGETDEVCAPS                    TIMEGETSYSTEMTIME
	TIMEGETTIME                       TIMEKILLEVENT
	TIMESETEVENT                      WAVEINADDBUFFER
	WAVEINCLOSE                       WAVEINGETDEVCAPS
	WAVEINGETERRORTEXT                WAVEINGETID
	WAVEINGETNUMDEVS                  WAVEINGETPOSITION
	WAVEINMESSAGE                     WAVEINOPEN
	WAVEINPREPAREHEADER               WAVEINRESET
	WAVEINSTART                       WAVEINSTOP
	WAVEINUNPREPAREHEADER             WAVEOUTBREAKLOOP
	WAVEOUTCLOSE                      WAVEOUTGETDEVCAPS
	WAVEOUTGETERRORTEXT               WAVEOUTGETID
	WAVEOUTGETNUMDEVS                 WAVEOUTGETPITCH
	WAVEOUTGETPLAYBACKRATE            WAVEOUTGETPOSITION
	WAVEOUTGETVOLUME                  WAVEOUTMESSAGE
	WAVEOUTOPEN                       WAVEOUTPAUSE
	WAVEOUTPREPAREHEADER              WAVEOUTRESET
	WAVEOUTRESTART                    WAVEOUTSETPITCH
	WAVEOUTSETPLAYBACKRATE            WAVEOUTSETVOLUME
	WAVEOUTUNPREPAREHEADER            WAVEOUTWRITE
	WINMMF_THUNKDATA16                WINMMSL_THUNKDATA16
	WINMMTILEBUFFER                   WINMMUNTILEBUFFER
	WMMMIDIRUNONCE                  

olecli  	size = 0
	BMCHANGEDATA                      BMCLONE
	BMCOPY                            BMDRAW
	BMENUMFORMAT                      BMEQUAL
	BMGETDATA                         BMQUERYBOUNDS
	BMRELEASE                         BMSAVETOSTREAM
	CHECKNETDRIVE                     CONNECTDLGPROC
	DEFCREATE                         DEFCREATEFROMCLIP
	DEFCREATEFROMFILE                 DEFCREATEFROMTEMPLATE
	DEFCREATEINVISIBLE                DEFCREATELINKFROMCLIP
	DEFCREATELINKFROMFILE             DEFLOADFROMSTREAM
	DIBCHANGEDATA                     DIBCLONE
	DIBCOPY                           DIBDRAW
	DIBENUMFORMAT                     DIBEQUAL
	DIBGETDATA                        DIBQUERYBOUNDS
	DIBRELEASE                        DIBSAVETOSTREAM
	DOCWNDPROC                        ERRACTIVATE
	ERRCLOSE                          ERRCOPYFROMLINK
	ERREXECUTE                        ERRGETUPDATEOPTIONS
	ERROBJECTCONVERT                  ERROBJECTLONG
	ERRQUERYOPEN                      ERRQUERYOUTOFDATE
	ERRQUERYPROTOCOL                  ERRRECONNECT
	ERRSETBOUNDS                      ERRSETDATA
	ERRSETHOSTNAMES                   ERRSETTARGETDEVICE
	ERRSETUPDATEOPTIONS               ERRSHOW
	ERRUPDATE                         GENCHANGEDATA
	GENCLONE                          GENCOPY
	GENDRAW                           GENENUMFORMAT
	GENEQUAL                          GENGETDATA
	GENQUERYBOUNDS                    GENRELEASE
	GENSAVETOSTREAM                   GENSETDATA
	GETTASKVISIBLEWINDOW              LEACTIVATE
	LECHANGEDATA                      LECLONE
	LECLOSE                           LECOPY
	LECOPYFROMLINK                    LECREATEINVISIBLE
	LEDRAW                            LEENUMFORMAT
	LEEQUAL                           LEEXECUTE
	LEGETDATA                         LEGETUPDATEOPTIONS
	LEOBJECTCONVERT                   LEOBJECTLONG
	LEQUERYBOUNDS                     LEQUERYOPEN
	LEQUERYOUTOFDATE                  LEQUERYPROTOCOL
	LEQUERYTYPE                       LERECONNECT
	LERELEASE                         LESAVETOSTREAM
	LESETBOUNDS                       LESETDATA
	LESETHOSTNAMES                    LESETTARGETDEVICE
	LESETUPDATEOPTIONS                LESHOW
	LEUPDATE                          MFCALLBACKFUNC
	MFCHANGEDATA                      MFCLONE
	MFCOPY                            MFDRAW
	MFENUMFORMAT                      MFEQUAL
	MFGETDATA                         MFQUERYBOUNDS
	MFRELEASE                         MFSAVETOSTREAM
	OBJQUERYNAME                      OBJQUERYSIZE
	OBJQUERYTYPE                      OBJRENAME
	OLEACTIVATE                       OLECLONE
	OLECLOSE                          OLECOPYFROMLINK
	OLECOPYTOCLIPBOARD                OLECREATE
	OLECREATEFROMCLIP                 OLECREATEFROMFILE
	OLECREATEFROMTEMPLATE             OLECREATEINVISIBLE
	OLECREATELINKFROMCLIP             OLECREATELINKFROMFILE
	OLEDELETE                         OLEDRAW
	OLEENUMFORMATS                    OLEENUMOBJECTS
	OLEEQUAL                          OLEEXECUTE
	OLEGETDATA                        OLEGETLINKUPDATEOPTIONS
	OLEISDCMETA                       OLELOADFROMSTREAM
	OLELOCKSERVER                     OLEOBJECTCONVERT
	OLEQUERYBOUNDS                    OLEQUERYCLIENTVERSION
	OLEQUERYCREATEFROMCLIP            OLEQUERYLINKFROMCLIP
	OLEQUERYNAME                      OLEQUERYOPEN
	OLEQUERYOUTOFDATE                 OLEQUERYPROTOCOL
	OLEQUERYRELEASEERROR              OLEQUERYRELEASEMETHOD
	OLEQUERYRELEASESTATUS             OLEQUERYSIZE
	OLEQUERYTYPE                      OLERECONNECT
	OLEREGISTERCLIENTDOC              OLERELEASE
	OLERENAME                         OLERENAMECLIENTDOC
	OLEREQUESTDATA                    OLEREVERTCLIENTDOC
	OLEREVOKECLIENTDOC                OLESAVEDCLIENTDOC
	OLESAVETOSTREAM                   OLESETBOUNDS
	OLESETCOLORSCHEME                 OLESETDATA
	OLESETHOSTNAMES                   OLESETLINKUPDATEOPTIONS
	OLESETTARGETDEVICE                OLEUNLOCKSERVER
	OLEUPDATE                         PBCOPYTOCLIPBOARD
	PBCREATE                          PBCREATEFROMCLIP
	PBCREATEFROMFILE                  PBCREATEFROMTEMPLATE
	PBCREATEINVISIBLE                 PBCREATELINKFROMCLIP
	PBCREATELINKFROMFILE              PBDRAW
	PBENUMFORMATS                     PBGETDATA
	PBLOADFROMSTREAM                  PBQUERYBOUNDS
	SETNETNAME                        SETNEXTNETDRIVE
	SRVRWNDPROC                     

olesvr  	size = 0
	DELETECLIENTINFO                  ENUMFORTERMINATE
	FINDITEMWND                       ITEMCALLBACK
	ITEMWNDPROC                       OLEBLOCKSERVER
	OLEQUERYSERVERVERSION             OLEREGISTERSERVER
	OLEREGISTERSERVERDOC              OLERENAMESERVERDOC
	OLEREVERTSERVERDOC                OLEREVOKEOBJECT
	OLEREVOKESERVER                   OLEREVOKESERVERDOC
	OLESAVEDSERVERDOC                 OLEUNBLOCKSERVER
	SENDDATAMSG                       SENDRENAMEMSG
	TERMINATECLIENTS                  TERMINATEDOCCLIENTS

penwin  	size = 0
	ADDPENEVENT                       ADDPOINTSPENDATA
	ARROWCONTROLPROC                  ARROWTIMERPROC
	ATOMICVIRTUALEVENT                BEGINENUMSTROKES
	BOUNDINGRECTFROMPOINTS            BOXEDITWNDPROC
	CHARACTERTOSYMBOL                 COMPACTPENDATA
	CORRECTIONDLGPROC                 CORRECTWRITING
	CREATEPENDATA                     DICTIONARYSEARCH
	DLGKBDHOOK                        DPTOTP
	DRAWPENDATA                       DUPLICATEPENDATA
	DWMOUSEHOOK                       EDITSUBWNDPROC
	EMULATEPEN                        ENABLEINKING
	ENDPENCOLLECTION                  ENUMFONTPROC
	ENUMSYMBOLS                       EXECUTEGESTURE
	FIRSTSYMBOLFROMGRAPH              FREGISTERVIRTUALKEYBOARD
	FSETPENCOLLECTIONMODE             GEADLGPROC
	GETGLOBALRC                       GETINKPROPERTIES
	GETMEI                            GETPENASYNCSTATE
	GETPENDATAINFO                    GETPENDATASTROKE
	GETPENHWDATA                      GETPENHWEVENTDATA
	GETPOINTSFROMPENDATA              GETSYMBOLCOUNT
	GETSYMBOLMAXLENGTH                GETVERSIONPENWIN
	HEDITWNDPROC                      INITRC
	INSTALLRECOGNIZER                 ISPENAWARE
	ISPENEVENT                        LISTENWNDPROC
	METRICSCALEPENDATA                MSDOSDLGPROC
	OFFSETPENDATA                     PENINPUTWNDPROC
	PICTUREWNDPROC                    POSTVIRTUALKEYEVENT
	POSTVIRTUALMOUSEEVENT             PROCESSPENEVENT
	PROCESSWRITING                    PROPHOOK
	RECOGNIZE                         RECOGNIZEDATA
	RECSETPENENDEVENTS                REDISPLAYPENDATA
	REGISTERPENAPP                    RESIZEPENDATA
	RESTORESCREEN                     RESULTSFUNCTION
	SAVEMEI                           SAVESCREEN
	SETGLOBALRC                       SETINKPROPERTIES
	SETPENHOOK                        SETRECOGHOOK
	SHOWGESTUREEDITOR                 SHOWKEYBOARD
	STANDARDYIELDFUNCTION             SYMBOLTOCHARACTER
	SYSTEMENTRY                       TPTODP
	TRAINCONTEXT                      TRAININK
	UNINSTALLRECOGNIZER               UPDATEINKING
	UPDATEPENINFO                   

profc   	size = 74
	PROFCLEAR                         PROFFINISH
	PROFFLUSH                         PROFINSCHK
	PROFSAMPRATE                      PROFSETUP
	PROFSTART                         PROFSTOP

shell   	size = 0
	ABOUTDLGPROC                      DOENVIRONMENTSUBST
	DRAGACCEPTFILES                   DRAGFINISH
	DRAGQUERYFILE                     DRAGQUERYPOINT
	EXTRACTASSOCIATEDICON             EXTRACTICON
	FINDENVIRONMENTSTRING             FINDEXECUTABLE
	FINDEXEDLGPROC                    HERETHARBETYGARS
	INTERNALEXTRACTICON               REGCLOSEKEY
	REGCREATEKEY                      REGDELETEKEY
	REGENUMKEY                        REGISTERSHELLHOOK
	REGOPENKEY                        REGQUERYVALUE
	REGSETVALUE                       SHELLABOUT
	SHELLEXECUTE                      SHELLHOOKPROC
	WCI                             

sound   	size = 0
	CLOSESOUND                        COUNTVOICENOTES
	DOBEEP                            GETTHRESHOLDEVENT
	GETTHRESHOLDSTATUS                OPENSOUND
	SETSOUNDNOISE                     SETVOICEACCENT
	SETVOICEENVELOPE                  SETVOICENOTE
	SETVOICEQUEUESIZE                 SETVOICESOUND
	SETVOICETHRESHOLD                 STARTSOUND
	STOPSOUND                         SYNCALLVOICES
	WAITSOUNDSTATE                  

stress  	size = 0
	ALLOCDISKSPACE                    ALLOCFILEHANDLES
	ALLOCGDIMEM                       ALLOCMEM
	ALLOCUSERMEM                      FREEALLGDIMEM
	FREEALLMEM                        FREEALLUSERMEM
	GETFREEFILEHANDLES                UNALLOCDISKSPACE
	UNALLOCFILEHANDLES              

toolhelp	size = 0
	CLASSFIRST                        CLASSNEXT
	GLOBALENTRYHANDLE                 GLOBALENTRYMODULE
	GLOBALFIRST                       GLOBALHANDLETOSEL
	GLOBALINFO                        GLOBALNEXT
	INTERRUPTREGISTER                 INTERRUPTUNREGISTER
	LOCALFIRST                        LOCALINFO
	LOCALNEXT                         MEMMANINFO
	MEMORYREAD                        MEMORYWRITE
	MODULEFINDHANDLE                  MODULEFINDNAME
	MODULEFIRST                       MODULENEXT
	NOTIFYREGISTER                    NOTIFYUNREGISTER
	STACKTRACECSIPFIRST               STACKTRACEFIRST
	STACKTRACENEXT                    SYSTEMHEAPINFO
	TASKFINDHANDLE                    TASKFIRST
	TASKGETCSIP                       TASKNEXT
	TASKSETCSIP                       TASKSWITCH
	TERMINATEAPP                      TIMERCOUNT

user    	size = 0
	ACTIVATEKEYBOARDLAYOUT            ADJUSTWINDOWRECT
	ADJUSTWINDOWRECTEX                ANSILOWER
	ANSILOWERBUFF                     ANSINEXT
	ANSIPREV                          ANSIUPPER
	ANSIUPPERBUFF                     ANYPOPUP
	APPENDMENU                        ARRANGEICONICWINDOWS
	BEAR11                            BEAR182
	BEAR285                           BEAR306
	BEAR498                           BEAR51
	BEAR8                             BEAR86
	BEGINDEFERWINDOWPOS               BEGINPAINT
	BOZOSLIVEHERE                     BRINGWINDOWTOTOP
	BROADCASTSYSTEMMESSAGE            BUILDCOMMDCB
	CALCCHILDSCROLL                   CALLMSGFILTER
	CALLMSGFILTER32                   CALLNEXTHOOKEX
	CALLWINDOWPROC                    CASCADECHILDWINDOWS
	CASCADEWINDOWS                    CHANGECLIPBOARDCHAIN
	CHANGEDISPLAYSETTINGS             CHANGEMENU
	CHECKDLGBUTTON                    CHECKMENUITEM
	CHECKMENURADIOITEM                CHECKRADIOBUTTON
	CHILDWINDOWFROMPOINT              CHILDWINDOWFROMPOINTEX
	CHOOSECOLOR_CALLBACK16            CHOOSEFONT_CALLBACK16
	CLEARCOMMBREAK                    CLIENTTOSCREEN
	CLIPCURSOR                        CLOSECLIPBOARD
	CLOSECOMM                         CLOSEDRIVER
	CLOSEWINDOW                       CONTROLPANELINFO
	COPYCURSOR                        COPYICON
	COPYIMAGE                         COPYRECT
	COUNTCLIPBOARDFORMATS             CREATECARET
	CREATECURSOR                      CREATECURSORICONINDIRECT
	CREATEDIALOG                      CREATEDIALOGINDIRECT
	CREATEDIALOGINDIRECTPARAM         CREATEDIALOGPARAM
	CREATEICON                        CREATEICONFROMRESOURCEEX
	CREATEMENU                        CREATEPOPUPMENU
	CREATEWINDOW                      CREATEWINDOWEX
	DCHOOK                            DEFDLGPROC
	DEFDRIVERPROC                     DEFERWINDOWPOS
	DEFFRAMEPROC                      DEFHOOKPROC
	DEFMDICHILDPROC                   DEFWINDOWPROC
	DELETEMENU                        DESTROYCARET
	DESTROYCURSOR                     DESTROYICON
	DESTROYICON32                     DESTROYMENU
	DESTROYWINDOW                     DIALOGBOX
	DIALOGBOXINDIRECT                 DIALOGBOXINDIRECTPARAM
	DIALOGBOXPARAM                    DISABLEOEMLAYER
	DISPATCHINPUT                     DISPATCHMESSAGE
	DISPATCHMESSAGE32                 DLGDIRLIST
	DLGDIRLISTCOMBOBOX                DLGDIRSELECT
	DLGDIRSELECTCOMBOBOX              DLGDIRSELECTCOMBOBOXEX
	DLGDIRSELECTEX                    DOHOTKEYSTUFF
	DRAGDETECT                        DRAGOBJECT
	DRAWANIMATEDRECTS                 DRAWCAPTION
	DRAWCAPTIONTEMP                   DRAWEDGE
	DRAWFOCUSRECT                     DRAWFRAMECONTROL
	DRAWICON                          DRAWICONEX
	DRAWMENUBAR                       DRAWMENUBARTEMP
	DRAWSTATE                         DRAWTEXT
	DRAWTEXTEX                        DUMPICON
	EMPTYCLIPBOARD                    ENABLECOMMNOTIFICATION
	ENABLEHARDWAREINPUT               ENABLEMENUITEM
	ENABLEOEMLAYER                    ENABLESCROLLBAR
	ENABLEWINDOW                      ENDDEFERWINDOWPOS
	ENDDIALOG                         ENDMENU
	ENDPAINT                          ENUMCHILDWINDOWS
	ENUMCLIPBOARDFORMATS              ENUMDISPLAYSETTINGS
	ENUMPROPS                         ENUMTASKWINDOWS
	ENUMWINDOWS                       EQUALRECT
	ESCAPECOMMFUNCTION                EXCLUDEUPDATERGN
	EXITWINDOWS                       EXITWINDOWSEXEC
	FILLRECT                          FILLWINDOW
	FINALUSERINIT                     FINDREPLACE_CALLBACK16
	FINDWINDOW                        FINDWINDOWEX
	FLASHWINDOW                       FLUSHCOMM
	FORMATMESSAGE                     FRAMERECT
	FT_USRF2THKTHKCONNECTIONDATA      FT_USRFTHKTHKCONNECTIONDATA
	GETACTIVEWINDOW                   GETASYNCKEYSTATE
	GETCAPTURE                        GETCARETBLINKTIME
	GETCARETPOS                       GETCLASSINFO
	GETCLASSINFOEX                    GETCLASSLONG
	GETCLASSNAME                      GETCLASSWORD
	GETCLIENTRECT                     GETCLIPBOARDDATA
	GETCLIPBOARDFORMATNAME            GETCLIPBOARDOWNER
	GETCLIPBOARDVIEWER                GETCLIPCURSOR
	GETCOMMERROR                      GETCOMMEVENTMASK
	GETCOMMSTATE                      GETCONTROLBRUSH
	GETCURRENTTIME                    GETCURSOR
	GETCURSORPOS                      GETDC
	GETDCEX                           GETDESKTOPHWND
	GETDESKTOPWINDOW                  GETDIALOGBASEUNITS
	GETDLGCTRLID                      GETDLGITEM
	GETDLGITEMINT                     GETDLGITEMTEXT
	GETDOUBLECLICKTIME                GETDRIVERINFO
	GETDRIVERMODULEHANDLE             GETFILEPORTNAME
	GETFOCUS                          GETFOREGROUNDWINDOW
	GETFREESYSTEMRESOURCES            GETICONID
	GETICONINFO                       GETINPUTSTATE
	GETINTERNALICONHEADER             GETINTERNALWINDOWPOS
	GETKEYBOARDLAYOUT                 GETKEYBOARDLAYOUTLIST
	GETKEYBOARDLAYOUTNAME             GETKEYBOARDSTATE
	GETKEYSTATE                       GETLASTACTIVEPOPUP
	GETMENU                           GETMENUCHECKMARKDIMENSIONS
	GETMENUCONTEXTHELPID              GETMENUDEFAULTITEM
	GETMENUITEMCOUNT                  GETMENUITEMID
	GETMENUITEMINFO                   GETMENUITEMRECT
	GETMENUSTATE                      GETMENUSTRING
	GETMESSAGE                        GETMESSAGE2
	GETMESSAGE32                      GETMESSAGEEXTRAINFO
	GETMESSAGEPOS                     GETMESSAGETIME
	GETMOUSEEVENTPROC                 GETNEXTDLGGROUPITEM
	GETNEXTDLGTABITEM                 GETNEXTDRIVER
	GETNEXTQUEUEWINDOW                GETNEXTWINDOW
	GETOPENCLIPBOARDWINDOW            GETPARENT
	GETPRIORITYCLIPBOARDFORMAT        GETPROP
	GETPROPEX                         GETQUEUESTATUS
	GETSCROLLINFO                     GETSCROLLPOS
	GETSCROLLRANGE                    GETSHELLWINDOW
	GETSUBMENU                        GETSYSCOLOR
	GETSYSCOLORBRUSH                  GETSYSMODALWINDOW
	GETSYSTEMDEBUGSTATE               GETSYSTEMMENU
	GETSYSTEMMETRICS                  GETTABBEDTEXTEXTENT
	GETTICKCOUNT                      GETTIMERRESOLUTION
	GETTOPWINDOW                      GETUPDATERECT
	GETUPDATERGN                      GETUSERLOCALOBJTYPE
	GETWINDOW                         GETWINDOWCONTEXTHELPID
	GETWINDOWDC                       GETWINDOWLONG
	GETWINDOWPLACEMENT                GETWINDOWRECT
	GETWINDOWRGN                      GETWINDOWTASK
	GETWINDOWTEXT                     GETWINDOWTEXTLENGTH
	GETWINDOWWORD                     GLOBALADDATOM
	GLOBALDELETEATOM                  GLOBALFINDATOM
	GLOBALGETATOMNAME                 GRAYSTRING
	HACKTASKMONITOR                   HARDWARE_EVENT
	HIDECARET                         HILITEMENUITEM
	INFLATERECT                       INITAPP
	INITTHREADINPUT                   INSENDMESSAGE
	INSERTMENU                        INSERTMENUITEM
	INSTALLIMT                        INTERSECTRECT
	INVALIDATERECT                    INVALIDATERGN
	INVERTRECT                        ISCHARALPHA
	ISCHARALPHANUMERIC                ISCHARLOWER
	ISCHARUPPER                       ISCHILD
	ISCLIPBOARDFORMATAVAILABLE        ISDIALOGMESSAGE
	ISDIALOGMESSAGE32                 ISDLGBUTTONCHECKED
	ISICONIC                          ISMENU
	ISRECTEMPTY                       ISUSERIDLE
	ISWINDOW                          ISWINDOWENABLED
	ISWINDOWVISIBLE                   ISZOOMED
	KEYBD_EVENT                       KILLTIMER
	LOADACCELERATORS                  LOADBITMAP
	LOADCURSOR                        LOADCURSORICONHANDLER
	LOADDIBCURSORHANDLER              LOADDIBICONHANDLER
	LOADICON                          LOADICONHANDLER
	LOADIMAGE                         LOADKEYBOARDLAYOUT
	LOADMENU                          LOADMENUINDIRECT
	LOADSTRING                        LOCKINPUT
	LOCKMYTASK                        LOCKWINDOWUPDATE
	LOOKUPICONIDFROMDIRECTORYEX       LOOKUPMENUHANDLE
	LSTRCMP                           LSTRCMPI
	MAPDIALOGRECT                     MAPWINDOWPOINTS
	MENUITEMFROMPOINT                 MESSAGEBEEP
	MESSAGEBOX                        MESSAGEBOXINDIRECT
	MODIFYMENU                        MOUSE_EVENT
	MOVEWINDOW                        MSGTHKCONNECTIONDATALS
	MSGWAITFORMULTIPLEOBJECTS         OFFSETRECT
	OLDEXITWINDOWS                    OLDSETDESKPATTERN
	OPENCLIPBOARD                     OPENCOMM
	OPENDRIVER                        OPENFILENAME_CALLBACK16
	OPENICON                          PAINTRECT
	PEEKMESSAGE                       PEEKMESSAGE32
	POSTAPPMESSAGE                    POSTMESSAGE
	POSTMESSAGE32                     POSTPOSTEDMESSAGES
	POSTQUITMESSAGE                   POSTTHREADMESSAGE32
	PRINTDLG_CALLBACK16               PTINRECT
	QUERYSENDMESSAGE                  READCOMM
	REALIZEPALETTE                    REDRAWWINDOW
	REGISTERCLASS                     REGISTERCLASSEX
	REGISTERCLIPBOARDFORMAT           REGISTERWINDOWMESSAGE
	RELEASECAPTURE                    RELEASEDC
	REMOVEMENU                        REMOVEPROP
	REMOVEPROPEX                      REPAINTSCREEN
	REPLYMESSAGE                      SCREENTOCLIENT
	SCROLLCHILDREN                    SCROLLDC
	SCROLLWINDOW                      SCROLLWINDOWEX
	SELECTPALETTE                     SENDDLGITEMMESSAGE
	SENDDRIVERMESSAGE                 SENDMESSAGE
	SETACTIVEWINDOW                   SETCAPTURE
	SETCARETBLINKTIME                 SETCARETPOS
	SETCHECKCURSORTIMER               SETCLASSLONG
	SETCLASSWORD                      SETCLIPBOARDDATA
	SETCLIPBOARDVIEWER                SETCOMMBREAK
	SETCOMMEVENTMASK                  SETCOMMSTATE
	SETCURSOR                         SETCURSORPOS
	SETDLGITEMINT                     SETDLGITEMTEXT
	SETDOUBLECLICKTIME                SETEVENTHOOK
	SETFOCUS                          SETFOREGROUNDWINDOW
	SETINTERNALWINDOWPOS              SETKEYBOARDSTATE
	SETMENU                           SETMENUCONTEXTHELPID
	SETMENUDEFAULTITEM                SETMENUITEMBITMAPS
	SETMENUITEMINFO                   SETMESSAGEEXTRAINFO
	SETMESSAGEQUEUE                   SETPARENT
	SETPROP                           SETPROPEX
	SETRECT                           SETRECTEMPTY
	SETSCROLLINFO                     SETSCROLLPOS
	SETSCROLLRANGE                    SETSYSCOLORS
	SETSYSCOLORSTEMP                  SETSYSMODALWINDOW
	SETSYSTEMMENU                     SETTIMER
	SETWINDOWCONTEXTHELPID            SETWINDOWLONG
	SETWINDOWPLACEMENT                SETWINDOWPOS
	SETWINDOWRGN                      SETWINDOWSHOOK
	SETWINDOWSHOOKEX                  SETWINDOWTEXT
	SETWINDOWWORD                     SHOWCARET
	SHOWCURSOR                        SHOWOWNEDPOPUPS
	SHOWSCROLLBAR                     SHOWWINDOW
	SIGNALPROC                        SIGNALPROC32
	STRINGFUNC                        SUBTRACTRECT
	SWAPMOUSEBUTTON                   SWITCHTOTHISWINDOW
	SYSERRORBOX                       SYSTEMPARAMETERSINFO
	TABBEDTEXTOUT                     TILECHILDWINDOWS
	TILEWINDOWS                       TRACKPOPUPMENU
	TRACKPOPUPMENUEX                  TRANSLATEACCELERATOR
	TRANSLATEMDISYSACCEL              TRANSLATEMESSAGE
	TRANSLATEMESSAGE32                TRANSMITCOMMCHAR
	UNGETCOMMCHAR                     UNHOOKWINDOWSHOOK
	UNHOOKWINDOWSHOOKEX               UNINSTALLIMT
	UNIONRECT                         UNLOADINSTALLABLEDRIVERS
	UNLOADKEYBOARDLAYOUT              UNREGISTERCLASS
	UPDATEWINDOW                      USERSEEUSERDO
	USERYIELD                         USR32THKCONNECTIONDATASL
	USRMPR_THUNKDATA16                USRTHKCONNECTIONDATALS
	VALIDATERECT                      VALIDATERGN
	WAITMESSAGE                       WINDOWFROMDC
	WINDOWFROMPOINT                   WINHELP
	WINOLDAPPHACKOMATIC               WNETABORTJOB
	WNETADDCONNECTION                 WNETBROWSEDIALOG
	WNETCANCELCONNECTION              WNETCANCELJOB
	WNETCLOSEJOB                      WNETCONNECTDIALOG
	WNETCONNECTIONDIALOG              WNETDEVICEMODE
	WNETDIRECTORYNOTIFY               WNETDISABLE
	WNETDISCONNECTDIALOG              WNETENABLE
	WNETERRORTEXT                     WNETGETCAPS
	WNETGETCONNECTION                 WNETGETDIRECTORYTYPE
	WNETGETERROR                      WNETGETERRORTEXT
	WNETGETPROPERTYTEXT               WNETGETUSER
	WNETHOLDJOB                       WNETINITIALIZE
	WNETLOCKQUEUEDATA                 WNETLOGON
	WNETOPENJOB                       WNETPROPERTYDIALOG
	WNETRELEASEJOB                    WNETRESTORECONNECTION
	WNETSETJOBCOPIES                  WNETUNLOCKQUEUEDATA
	WNETUNWATCHQUEUE                  WNETVIEWQUEUEDIALOG
	WNETWATCHQUEUE                    WNETWRITEJOB
	WRITECOMM                         WVSPRINTF
	_FFFE_FARFRAME                    _WSPRINTF

ver     	size = 0
	GETFILERESOURCE                   GETFILERESOURCESIZE
	GETFILEVERSIONINFO                GETFILEVERSIONINFOSIZE
	VERFINDFILE                       VERINSTALLFILE
	VERLANGUAGENAME                   VERQUERYVALUE

win87em 	size = 0
	__FPMATH                          __WIN87EMINFO
	__WIN87EMRESTORE                  __WIN87EMSAVE

winmem32	size = 0
	GETWINMEM32VERSION                GLOBAL16POINTERALLOC
	GLOBAL16POINTERFREE               GLOBAL32ALLOC
	GLOBAL32CODEALIAS                 GLOBAL32CODEALIASFREE
	GLOBAL32FREE                      GLOBAL32REALLOC
