Turbo Assembler	 Version 4.1	    19/01/11 14:12:54	    Page 1
prg05_01.asm



      1				     ;---------Prg05_01.asm--------------------------------------------------------------------------
      2				     --
      3				     ; Пример использования int	21h для	функций: 02h и 09h
      4				     ;-----------------------------------------------------------------------------------------------
      5				     ------
      6				     masm
      7	0000			     model small
      8				     ;.stack 100h
      9	0000			     .data
     10	0000  8F E0 A8 AC A5 E0	20+  var1    db	     'Пример простой программы ...','$'
     11	      AF E0 AE E1 E2 AE	A9+
     12	      20 AF E0 AE A3 E0	A0+
     13	      AC AC EB 20 2E 2E	2E+
     14	      24
     15	001D  0D 0A 8A AE AD A5	E6+  var2    db	     13,10,'Конец сегмента данных программы ...',0
     16	      20 E1 A5 A3 AC A5	AD+
     17	      E2 A0 20 A4 A0 AD	AD+
     18	      EB E5 20 AF E0 AE	A3+
     19	      E0 A0 AC AC EB 20	2E+
     20	      2E 2E 00
     21	      =0026		     len=$-var2
     22	0043			     .code
     23	0000			     start:
     24	0000  B8 0000s			     mov     ax,@data
     25	0003  8E D8			     mov     ds,ax
     26				     ;----------------------------
     27				     ; Вставка
     28	0005  B4 09			     mov     ah,09h
     29	0007  BA 0000r			     mov     dx,offset var1
     30	000A  CD 21			     int     21h
     31
     32
     33	000C  B2 21			     mov     dl,'!'		     ; '!' - выводимый на экран	символ
     34	000E  B4 02			     mov     ah,2		     ; 02h - код функции для вывода символа
     35	0010  CD 21			     int     21h		     ; вывод символа на	экран
     36
     37	0012  BE 001Dr			     mov     si,offset var2	     ; адрес строки
     38	0015  B4 02			     mov     ah,02h		     ; 02h - код функции для вывода символ
     39
     40	0017  B9 0026			     mov     cx,len
     41	001A  BE 001Dr			     lea     si,var2
     42	001D  B4 02			     mov     ah,02h
     43	001F			     .loop:
     44	001F  8A 14			     mov     dl,[si]
     45	0021  CD 21			     int     21h
     46	0023  46			     inc     si
     47	0024  E2 F9			     loop    .loop
     48
     49				     ;----------------------------
     50	0026  B8 4C00			     mov     ax,4c00h
     51	0029  CD 21			     int     21h
     52				     end     start
Turbo Assembler	 Version 4.1	    19/01/11 14:12:54	    Page 2
Symbol Table




Symbol Name		Type   Value			   Cref	(defined at #)

.LOOP			Near   _TEXT:001F		   #43	47
??DATE			Text   "19/01/11"
??FILENAME		Text   "prg05_01"
??TIME			Text   "14:12:54"
??VERSION		Number 040A
@32BIT			Text   0			   #7
@CODE			Text   _TEXT			   #7  #7  #22
@CODESIZE		Text   0			   #7
@CPU			Text   0101H
@CURSEG			Text   _TEXT			   #9  #22
@DATA			Text   DGROUP			   #7  24
@DATASIZE		Text   0			   #7
@FILENAME		Text   PRG05_01
@INTERFACE		Text   000H			   #7
@MODEL			Text   2			   #7
@STACK			Text   DGROUP			   #7
@WORDSIZE		Text   2			   #9  #22
LEN			Number 0026			   #21	40
START			Near   _TEXT:0000		   #23	52
VAR1			Byte   DGROUP:0000		   #10	29
VAR2			Byte   DGROUP:001D		   #15	21  37	41

Groups & Segments	Bit Size Align	Combine	Class	   Cref	(defined at #)

DGROUP			Group				   #7  7  24
  _DATA			16  0043 Word	Public	DATA	   #7  #9
_TEXT			16  002B Word	Public	CODE	   #7  7  #22  22
